---
source: apps/oxlint/src/tester.rs
---
########## 
arguments: foo.asdf
working directory: 
----------
Finished in <variable>ms on 0 files with 0 rules using 1 threads.
----------
CLI result: LintNoFilesFound
----------
